// Jest Snapshot v1, https://goo.gl/fbAQLP

exports[`App.tsx renders as expected 1`] = `
<DocumentFragment>
  <p>
    Working...
  </p>
</DocumentFragment>
`;
